// Jest Snapshot v1, https://goo.gl/fbAQLP

exports[`Test PortfolioButton Component Renders  correctly 1`] = `<DocumentFragment />`;
